=== t7 run2 ===
[12:05:43.974] reload both
[12:05:51.436] queue both
[12:05:52.914] match started
[12:05:53.103] helper installed seat=0 on pta
[12:05:53.290] helper installed seat=1 on ptb
[12:05:53.299] cycle 1 begin
[12:06:02.094] cycle 1 ptb waitTurn -> 2,1,0,1,1,1,2,1,3
[12:06:02.107] cycle 1 ptb play turn 2
[12:06:04.670] cycle 1 played
[12:06:04.676] cycle 2 begin
[12:06:04.734] cycle 2 ptb waitTurn -> 2,1,0,1,1,1,2,1,3
[12:06:04.736] cycle 2 ptb play turn 2
[12:06:07.058] cycle 2 played
[12:06:07.061] cycle 3 begin
[12:06:07.113] cycle 3 ptb waitTurn -> 2,1,0,1,1,1,2,1,3
[12:06:07.116] cycle 3 ptb play turn 2
[12:06:09.568] cycle 3 played
[12:06:09.571] cycle 4 begin
[12:06:21.998] cycle 4 ptb waitTurn -> 4,1,0,1,1,1,2,1,3
[12:06:22.002] cycle 4 ptb play turn 4
[12:06:24.341] cycle 4 played
[12:06:24.345] cycle 5 begin
[12:06:24.401] cycle 5 ptb waitTurn -> 4,1,0,1,1,1,2,1,3
[12:06:24.404] cycle 5 ptb play turn 4
[12:06:26.719] cycle 5 played
[12:06:26.722] cycle 6 begin
[12:06:26.776] cycle 6 ptb waitTurn -> 4,1,0,1,1,1,2,1,3
[12:06:26.780] cycle 6 ptb play turn 4
[12:06:29.117] cycle 6 played
[12:06:29.121] cycle 7 begin
[12:06:41.989] cycle 7 ptb waitTurn -> 6,1,0,1,1,1,2,1,3
[12:06:41.993] cycle 7 ptb play turn 6
[12:06:44.335] cycle 7 played
[12:06:44.339] cycle 8 begin
[12:06:44.403] cycle 8 ptb waitTurn -> 6,1,0,1,1,1,2,1,3
[12:06:44.407] cycle 8 ptb play turn 6
[12:06:46.727] cycle 8 played
[12:06:46.730] cycle 9 begin
[12:06:46.782] cycle 9 ptb waitTurn -> 6,1,0,1,1,1,2,1,3
[12:06:46.786] cycle 9 ptb play turn 6
[12:06:49.136] cycle 9 played
[12:06:49.140] cycle 10 begin
[12:07:01.978] cycle 10 ptb waitTurn -> 8,1,0,1,1,1,2,1,3
[12:07:01.981] cycle 10 ptb play turn 8
[12:07:04.324] cycle 10 played
[12:07:04.328] cycle 11 begin
[12:07:04.385] cycle 11 ptb waitTurn -> 8,1,0,1,1,1,2,1,3
[12:07:04.389] cycle 11 ptb play turn 8
[12:07:06.706] cycle 11 played
[12:07:06.710] cycle 12 begin
[12:07:06.763] cycle 12 ptb waitTurn -> 8,1,0,1,1,1,2,1,3
[12:07:06.765] cycle 12 ptb play turn 8
[12:07:09.224] cycle 12 played
[12:07:52.782] settlement reached
[12:07:54.082] SUMMARY-A: {"sent":0,"results":0,"rejected":0,"waves":0,"lastTurn":12,"board":[5,4,1,0,1,3,4,0,5,2,4,1,4,1,4,3,2,2,0,5,2,2,0,5,1,2,2,0,2,0,0,2,1,5,1,3,4,5,0,1,2,2,3,2,4,4,1,4,1,4,0,0,3,4,0,3,4,3,1,1,4,0,1,1,0,5,4,0,2,2,0,2,3,1,2,0,1,0,1,4,4],"scores":[0,0]}
[12:07:54.085] SUMMARY-B: {"sent":0,"results":0,"rejected":0,"waves":0,"lastTurn":12,"board":[5,4,1,0,1,3,4,0,5,2,4,1,4,1,4,3,2,2,0,5,2,2,0,5,1,2,2,0,2,0,0,2,1,5,1,3,4,5,0,1,2,2,3,2,4,4,1,4,1,4,0,0,3,4,0,3,4,3,1,1,4,0,1,1,0,5,4,0,2,2,0,2,3,1,2,0,1,0,1,4,4],"scores":[0,0]}
[12:07:54.087] done
